193.175.73.218 - - [26/Aug/2014:06:38:23 -0600] "GET /images/upload-an-image.png HTTP/1.1" 200 7026 "-" "Mozilla/5.0 (Windows NT 6.1; WOW64) AppleWebKit/537.36 (KHTML, like Gecko) Chrome/36.0.1985.143 Safari/537.36"
193.175.73.218 - - [26/Aug/2014:06:38:23 -0600] "GET /images/red-bullet.png HTTP/1.1" 200 231 "-" "Mozilla/5.0 (Windows NT 6.1; WOW64) AppleWebKit/537.36 (KHTML, like Gecko) Chrome/36.0.1985.143 Safari/537.36"
193.175.73.218 - - [26/Aug/2014:06:38:23 -0600] "GET /images/ratings/blue-1-00.png HTTP/1.1" 200 1037 "-" "Mozilla/5.0 (Windows NT 6.1; WOW64) AppleWebKit/537.36 (KHTML, like Gecko) Chrome/36.0.1985.143 Safari/537.36"
157.55.39.70 - - [26/Aug/2014:06:38:23 -0600] "GET /region/2193/map/category_id=1 HTTP/1.1" 200 7613 "-" "Mozilla/5.0 (compatible; bingbot/2.0; +http://www.bing.com/bingbot.htm)"
193.175.73.218 - - [26/Aug/2014:06:38:24 -0600] "GET /images/ratings/blue-2-00.png HTTP/1.1" 200 1375 "-" "Mozilla/5.0 (Windows NT 6.1; WOW64) AppleWebKit/537.36 (KHTML, like Gecko) Chrome/36.0.1985.143 Safari/537.36"
193.175.73.218 - - [26/Aug/2014:06:38:24 -0600] "GET /images/ratings/blue-3-00.png HTTP/1.1" 200 1416 "-" "Mozilla/5.0 (Windows NT 6.1; WOW64) AppleWebKit/537.36 (KHTML, like Gecko) Chrome/36.0.1985.143 Safari/537.36"
193.175.73.218 - - [26/Aug/2014:06:38:24 -0600] "GET /images/ratings/blue-4-00.png HTTP/1.1" 200 1375 "-" "Mozilla/5.0 (Windows NT 6.1; WOW64) AppleWebKit/537.36 (KHTML, like Gecko) Chrome/36.0.1985.143 Safari/537.36"
193.175.73.218 - - [26/Aug/2014:06:38:24 -0600] "GET /images/ratings/blue-5-00.png HTTP/1.1" 200 1198 "-" "Mozilla/5.0 (Windows NT 6.1; WOW64) AppleWebKit/537.36 (KHTML, like Gecko) Chrome/36.0.1985.143 Safari/537.36"
193.175.73.218 - - [26/Aug/2014:06:38:24 -0600] "GET /region/60/filter?sort_order=ASC;page=2;order_by=name;limit=20 HTTP/1.1" 200 45274 "-" "Mozilla/5.0 (Windows NT 6.1; WOW64) AppleWebKit/537.36 (KHTML, like Gecko) Chrome/36.0.1985.143 Safari/537.36"
193.175.73.218 - - [26/Aug/2014:06:38:24 -0600] "GET /7b0744/images/ratings/green-3-00.png HTTP/1.1" 200 1105 "-" "Mozilla/5.0 (Windows NT 6.1; WOW64) AppleWebKit/537.36 (KHTML, like Gecko) Chrome/36.0.1985.143 Safari/537.36"
68.180.225.35 - - [26/Aug/2014:06:38:30 -0600] "GET /entry/2777 HTTP/1.1" 200 4707 "-" "Mozilla/5.0 (compatible; Yahoo! Slurp; http://help.yahoo.com/help/us/ysearch/slurp)"
54.235.99.68 - - [26/Aug/2014:06:38:39 -0600] "GET /region/67.rss HTTP/1.1" 200 742085 "-" "RSSGraffiti"
193.175.73.218 - - [26/Aug/2014:06:38:45 -0600] "GET /region/60/filter?sort_order=ASC;page=3;order_by=name;limit=20 HTTP/1.1" 200 30715 "-" "Mozilla/5.0 (Windows NT 6.1; WOW64) AppleWebKit/537.36 (KHTML, like Gecko) Chrome/36.0.1985.143 Safari/537.36"
208.115.113.88 - - [26/Aug/2014:06:38:51 -0600] "GET /region/1619/filter/veg_level=2 HTTP/1.1" 200 13025 "-" "Mozilla/5.0 (compatible; DotBot/1.1; http://www.opensiteexplorer.org/dotbot, help@moz.com)"
157.55.39.71 - - [26/Aug/2014:06:38:54 -0600] "GET /region/1756/filter/category_id=1 HTTP/1.1" 200 8333 "-" "Mozilla/5.0 (compatible; bingbot/2.0; +http://www.bing.com/bingbot.htm)"
66.249.69.193 - - [26/Aug/2014:06:38:56 -0600] "GET /entry/2160/edit_hours_form HTTP/1.1" 302 338 "-" "Mozilla/5.0 (compatible; Googlebot/2.1; +http://www.google.com/bot.html)"
66.249.69.193 - - [26/Aug/2014:06:38:57 -0600] "GET /region/392/filter/veg_level=2;category_id=1 HTTP/1.1" 200 4772 "-" "Mozilla/5.0 (compatible; Googlebot/2.1; +http://www.google.com/bot.html)"
66.249.69.193 - - [26/Aug/2014:06:39:05 -0600] "GET /entry/19773/reviews HTTP/1.1" 200 3079 "-" "Mozilla/5.0 (compatible; Googlebot/2.1; +http://www.google.com/bot.html)"
68.180.225.35 - - [26/Aug/2014:06:39:15 -0600] "GET /entry/6564 HTTP/1.1" 200 4442 "-" "Mozilla/5.0 (compatible; Yahoo! Slurp; http://help.yahoo.com/help/us/ysearch/slurp)"
37.58.100.142 - - [26/Aug/2014:06:39:16 -0600] "GET /entry/18641/reviews HTTP/1.1" 200 3686 "-" "Mozilla/5.0 (compatible; AhrefsBot/5.0; +http://ahrefs.com/robot/)"
157.55.39.70 - - [26/Aug/2014:06:39:24 -0600] "GET /entry/2414 HTTP/1.1" 200 5970 "-" "Mozilla/5.0 (compatible; bingbot/2.0; +http://www.bing.com/bingbot.htm)"
5.104.241.171 - - [26/Aug/2014:06:39:29 -0600] "GET /site/recent.rss HTTP/1.1" 200 20227 "-" "Mozilla/5.0 (Windows; U; Windows NT 6.1; en-US; rv:1.9.1b4) Gecko/20090423 Firefox/3.5b4 (.NET CLR 3.5.30729)"
5.104.241.171 - - [26/Aug/2014:06:39:30 -0600] "HEAD /site/recent.rss HTTP/1.1" 200 0 "-" "Mozilla/5.0 (Windows; U; Windows NT 6.1; en-US; rv:1.9.1b4) Gecko/20090423 Firefox/3.5b4 (.NET CLR 3.5.30729)"
23.239.8.38 - - [26/Aug/2014:06:39:31 -0600] "GET / HTTP/1.1" 301 178 "-" "check_http/v1.4.15 (nagios-plugins 1.4.15)"
23.239.8.38 - - [26/Aug/2014:06:39:31 -0600] "GET / HTTP/1.1" 200 10098 "-" "check_http/v1.4.15 (nagios-plugins 1.4.15)"
208.115.113.88 - - [26/Aug/2014:06:39:37 -0600] "GET /region/1835/filter?sort_order=DESC;page=1;order_by=name;limit=20 HTTP/1.1" 200 11733 "-" "Mozilla/5.0 (compatible; DotBot/1.1; http://www.opensiteexplorer.org/dotbot, help@moz.com)"
37.58.100.142 - - [26/Aug/2014:06:39:38 -0600] "GET /entry/near/40.4367%2C-110.827/filter/veg_level=2?unit=km;distance=2;address=84031 HTTP/1.1" 200 6274 "-" "Mozilla/5.0 (compatible; AhrefsBot/5.0; +http://ahrefs.com/robot/)"
66.249.69.193 - - [26/Aug/2014:06:39:39 -0600] "GET /site/clone_entry_form?vendor_id=2160 HTTP/1.1" 302 338 "-" "Mozilla/5.0 (compatible; Googlebot/2.1; +http://www.google.com/bot.html)"
157.55.39.71 - - [26/Aug/2014:06:39:54 -0600] "GET /entry/1516 HTTP/1.1" 200 6704 "-" "Mozilla/5.0 (compatible; bingbot/2.0; +http://www.bing.com/bingbot.htm)"
66.249.69.193 - - [26/Aug/2014:06:39:54 -0600] "GET /entry-images/14932/14932-6186-small.jpg HTTP/1.1" 200 34012 "-" "Googlebot-Image/1.0"
204.225.119.20 - - [26/Aug/2014:06:39:55 -0600] "GET /entry/16428 HTTP/1.1" 200 12529 "-" "Mozilla/4.0 (compatible; MSIE 8.0; Win32)"
37.58.100.142 - - [26/Aug/2014:06:39:58 -0600] "GET /entry/near/18.0615%2C-66.7214/filter?unit=km;distance=2;sort_order=ASC;page=1;order_by=distance;address=00624;limit=20 HTTP/1.1" 200 6207 "-" "Mozilla/5.0 (compatible; AhrefsBot/5.0; +http://ahrefs.com/robot/)"
68.180.225.35 - - [26/Aug/2014:06:40:00 -0600] "GET /region/616/recent.atom HTTP/1.1" 200 17232 "-" "Mozilla/5.0 (compatible; Yahoo! Slurp; http://help.yahoo.com/help/us/ysearch/slurp)"
208.64.39.178 - - [26/Aug/2014:06:40:03 -0600] "GET /site/recent.rss HTTP/1.1" 200 20227 "-" "BoardReader Blog Indexer(http://boardreader.com)"
199.16.186.98 - - [26/Aug/2014:06:40:03 -0600] "GET / HTTP/1.1" 301 178 "-" "BoardReader Blog Indexer(http://boardreader.com)"
208.64.39.178 - - [26/Aug/2014:06:40:03 -0600] "GET / HTTP/1.1" 200 3901 "-" "BoardReader Blog Indexer(http://boardreader.com)"
66.249.69.150 - - [26/Aug/2014:06:40:13 -0600] "GET /region/523 HTTP/1.1" 301 178 "-" "Mozilla/5.0 (compatible; Googlebot/2.1; +http://www.google.com/bot.html)"
66.249.69.161 - - [26/Aug/2014:06:40:14 -0600] "GET /region/523 HTTP/1.1" 200 9199 "-" "Mozilla/5.0 (compatible; Googlebot/2.1; +http://www.google.com/bot.html)"
188.121.41.53 - - [26/Aug/2014:06:40:15 -0600] "GET /search/by-lat-long/50.925108,7.57923/filter/category_id=1;category_id=2;category_id=3;category_id=4;category_id=5;category_id=6;category_id=7;category_id=8;category_id=9?limit=10;unit=km;distance=10 HTTP/1.1" 200 338 "-" "-"
208.115.113.88 - - [26/Aug/2014:06:40:22 -0600] "GET /region/1985/filter/category_id=1 HTTP/1.1" 200 34120 "-" "Mozilla/5.0 (compatible; DotBot/1.1; http://www.opensiteexplorer.org/dotbot, help@moz.com)"
157.55.39.70 - - [26/Aug/2014:06:40:24 -0600] "GET /entry/3651 HTTP/1.1" 200 6039 "-" "Mozilla/5.0 (compatible; bingbot/2.0; +http://www.bing.com/bingbot.htm)"
183.60.214.53 - - [26/Aug/2014:06:40:24 -0600] "GET /entry/1987/map HTTP/1.1" 200 3565 "-" "Mozilla/5.0 (compatible; EasouSpider; +http://www.easou.com/search/spider.html)"
74.208.15.130 - - [26/Aug/2014:06:40:37 -0600] "GET /site/recent.atom HTTP/1.1" 200 20526 "-" "libwww-perl/6.03"
66.249.91.198 - - [26/Aug/2014:06:40:38 -0600] "GET /region/92.rss HTTP/1.1" 200 1870037 "-" "Feedfetcher-Google; (+http://www.google.com/feedfetcher.html; 1 subscribers; feed-id=7033361283352824207)"
68.180.225.35 - - [26/Aug/2014:06:40:45 -0600] "GET /entry/16868/reviews HTTP/1.1" 200 3624 "-" "Mozilla/5.0 (compatible; Yahoo! Slurp; http://help.yahoo.com/help/us/ysearch/slurp)"
37.58.100.142 - - [26/Aug/2014:06:40:53 -0600] "GET /entry/13254 HTTP/1.1" 200 4735 "-" "Mozilla/5.0 (compatible; AhrefsBot/5.0; +http://ahrefs.com/robot/)"
157.55.39.71 - - [26/Aug/2014:06:40:54 -0600] "GET /region/513/map/category_id=1 HTTP/1.1" 200 7942 "-" "Mozilla/5.0 (compatible; bingbot/2.0; +http://www.bing.com/bingbot.htm)"
66.249.69.161 - - [26/Aug/2014:06:40:56 -0600] "GET /entry/near/45.1416,-89.1512/filter?unit=mile;distance=25;sort_order=ASC;page=;order_by=distance;address=54409;limit= HTTP/1.1" 200 6641 "-" "Mozilla/5.0 (compatible; Googlebot/2.1; +http://www.google.com/bot.html)"
208.115.113.88 - - [26/Aug/2014:06:41:08 -0600] "GET /region/2198/filter?sort_order=DESC;page=1;order_by=name;limit=20 HTTP/1.1" 200 11543 "-" "Mozilla/5.0 (compatible; DotBot/1.1; http://www.opensiteexplorer.org/dotbot, help@moz.com)"
66.249.69.193 - - [26/Aug/2014:06:41:08 -0600] "GET /region/451.rss HTTP/1.1" 200 40809 "-" "Mozilla/5.0 (compatible; Googlebot/2.1; +http://www.google.com/bot.html)"
37.58.100.142 - - [26/Aug/2014:06:41:12 -0600] "GET /entry/16848 HTTP/1.1" 200 4427 "-" "Mozilla/5.0 (compatible; AhrefsBot/5.0; +http://ahrefs.com/robot/)"
37.58.100.142 - - [26/Aug/2014:06:41:15 -0600] "GET /entry/19952/edit_hours_form HTTP/1.1" 302 338 "-" "Mozilla/5.0 (compatible; AhrefsBot/5.0; +http://ahrefs.com/robot/)"
183.60.214.53 - - [26/Aug/2014:06:41:17 -0600] "GET /entry/12162/closed_form HTTP/1.1" 302 338 "-" "Mozilla/5.0 (compatible; EasouSpider; +http://www.easou.com/search/spider.html)"
188.121.41.53 - - [26/Aug/2014:06:41:20 -0600] "GET /search/by-lat-long/44.082151,12.398359/filter/category_id=1;category_id=2;category_id=3;category_id=4;category_id=5;category_id=6;category_id=7;category_id=8;category_id=9?limit=10;unit=km;distance=10 HTTP/1.1" 200 340 "-" "-"
37.58.100.142 - - [26/Aug/2014:06:41:21 -0600] "GET /entry/3785 HTTP/1.1" 200 5174 "-" "Mozilla/5.0 (compatible; AhrefsBot/5.0; +http://ahrefs.com/robot/)"
66.249.69.177 - - [26/Aug/2014:06:41:22 -0600] "GET /entry/19479/reviews HTTP/1.1" 200 3088 "-" "Mozilla/5.0 (compatible; Googlebot/2.1; +http://www.google.com/bot.html)"
207.46.13.94 - - [26/Aug/2014:06:41:24 -0600] "GET /entry/8020 HTTP/1.1" 200 4811 "-" "Mozilla/5.0 (compatible; bingbot/2.0; +http://www.bing.com/bingbot.htm)"
131.253.24.36 - - [26/Aug/2014:06:41:27 -0600] "GET /region/166/map/veg_level=2 HTTP/1.1" 200 18249 "-" "Mozilla/5.0 (compatible; MSIE 9.0; Windows NT 6.1; Trident/5.0;  Trident/5.0)"
37.58.100.142 - - [26/Aug/2014:06:41:27 -0600] "GET /entry/18113 HTTP/1.1" 200 4676 "-" "Mozilla/5.0 (compatible; AhrefsBot/5.0; +http://ahrefs.com/robot/)"
131.253.24.36 - - [26/Aug/2014:06:41:27 -0600] "GET /7b0744/css/vegguide-combined.css HTTP/1.1" 200 20810 "-" "Mozilla/5.0 (compatible; MSIE 9.0; Windows NT 6.1; Trident/5.0;  Trident/5.0)"
131.253.24.36 - - [26/Aug/2014:06:41:28 -0600] "GET /7b0744/js/vegguide-combined.js HTTP/1.1" 200 94167 "-" "Mozilla/5.0 (compatible; MSIE 9.0; Windows NT 6.1; Trident/5.0;  Trident/5.0)"
37.58.100.142 - - [26/Aug/2014:06:41:28 -0600] "GET /region/1917 HTTP/1.1" 200 3177 "-" "Mozilla/5.0 (compatible; AhrefsBot/5.0; +http://ahrefs.com/robot/)"
68.180.225.35 - - [26/Aug/2014:06:41:30 -0600] "GET /entry/18362 HTTP/1.1" 200 4786 "-" "Mozilla/5.0 (compatible; Yahoo! Slurp; http://help.yahoo.com/help/us/ysearch/slurp)"
37.58.100.142 - - [26/Aug/2014:06:41:31 -0600] "GET /region/1668 HTTP/1.1" 200 9592 "-" "Mozilla/5.0 (compatible; AhrefsBot/5.0; +http://ahrefs.com/robot/)"
66.249.69.161 - - [26/Aug/2014:06:41:42 -0600] "GET /region/356.rss HTTP/1.1" 200 101529 "-" "Mozilla/5.0 (compatible; Googlebot/2.1; +http://www.google.com/bot.html)"
37.58.100.142 - - [26/Aug/2014:06:41:48 -0600] "GET /entry/near/41.7636%2C-115.075/filter/category_id=1?unit=km;distance=5;address=89825 HTTP/1.1" 200 6279 "-" "Mozilla/5.0 (compatible; AhrefsBot/5.0; +http://ahrefs.com/robot/)"
37.58.100.142 - - [26/Aug/2014:06:41:49 -0600] "GET /entry/11553 HTTP/1.1" 200 5436 "-" "Mozilla/5.0 (compatible; AhrefsBot/5.0; +http://ahrefs.com/robot/)"
207.46.13.94 - - [26/Aug/2014:06:41:54 -0600] "GET /images/ratings/blue-3-00.png HTTP/1.1" 200 1416 "-" "Mozilla/5.0 (compatible; bingbot/2.0; +http://www.bing.com/bingbot.htm)"
208.115.113.88 - - [26/Aug/2014:06:41:58 -0600] "GET /region/2228/entry_form HTTP/1.1" 302 338 "-" "Mozilla/5.0 (compatible; DotBot/1.1; http://www.opensiteexplorer.org/dotbot, help@moz.com)"
183.60.212.148 - - [26/Aug/2014:06:41:59 -0600] "GET /region/434 HTTP/1.1" 200 3505 "-" "Mozilla/5.0 (compatible; EasouSpider; +http://www.easou.com/search/spider.html)"
183.60.212.148 - - [26/Aug/2014:06:41:59 -0600] "GET /region/642 HTTP/1.1" 200 8202 "-" "Mozilla/5.0 (compatible; EasouSpider; +http://www.easou.com/search/spider.html)"
37.58.100.142 - - [26/Aug/2014:06:42:12 -0600] "GET /entry/11508 HTTP/1.1" 200 5660 "-" "Mozilla/5.0 (compatible; AhrefsBot/5.0; +http://ahrefs.com/robot/)"
68.180.225.35 - - [26/Aug/2014:06:42:15 -0600] "GET /user/12136/reviews HTTP/1.1" 200 3354 "-" "Mozilla/5.0 (compatible; Yahoo! Slurp; http://help.yahoo.com/help/us/ysearch/slurp)"
62.210.82.131 - - [26/Aug/2014:06:42:22 -0600] "GET /entry/1990 HTTP/1.1" 200 5830 "-" "Mozilla/4.0 (compatible; MSIE 6.0; Windows NT 5.1; SV1; Mozilla/4.0 (compatible; MSIE 6.0; Windows NT 5.1; SV1) ; .NET CLR 2.0.50727 ; .NET CLR 4.0.30319)"
207.46.13.94 - - [26/Aug/2014:06:42:24 -0600] "GET /images/ratings/blue-3-00.png HTTP/1.1" 200 1416 "-" "Mozilla/5.0 (compatible; bingbot/2.0; +http://www.bing.com/bingbot.htm)"
66.249.69.161 - - [26/Aug/2014:06:42:31 -0600] "GET /entry/19473/reviews HTTP/1.1" 200 3100 "-" "Mozilla/5.0 (compatible; Googlebot/2.1; +http://www.google.com/bot.html)"
37.58.100.142 - - [26/Aug/2014:06:42:42 -0600] "GET /entry/near/7.119%2C-171.062/filter/category_id=1?unit=mile;distance=25;sort_order=ASC;page=1;order_by=distance;address=96970;limit=20 HTTP/1.1" 200 6314 "-" "Mozilla/5.0 (compatible; AhrefsBot/5.0; +http://ahrefs.com/robot/)"
208.115.113.88 - - [26/Aug/2014:06:42:45 -0600] "GET /region/2341/filter?sort_order=DESC;page=1;order_by=name;limit=20 HTTP/1.1" 200 11687 "-" "Mozilla/5.0 (compatible; DotBot/1.1; http://www.opensiteexplorer.org/dotbot, help@moz.com)"
199.30.20.10 - - [26/Aug/2014:06:42:48 -0600] "GET /entry-images/4683/4683-3396-small.jpg HTTP/1.1" 200 22419 "-" "msnbot-media/1.1 (+http://search.msn.com/msnbot.htm)"
207.46.13.94 - - [26/Aug/2014:06:42:54 -0600] "GET /images/ratings/blue-3-00.png HTTP/1.1" 200 1416 "-" "Mozilla/5.0 (compatible; bingbot/2.0; +http://www.bing.com/bingbot.htm)"
68.180.225.35 - - [26/Aug/2014:06:43:00 -0600] "GET /entry/3019 HTTP/1.1" 200 5786 "-" "Mozilla/5.0 (compatible; Yahoo! Slurp; http://help.yahoo.com/help/us/ysearch/slurp)"
183.60.212.148 - - [26/Aug/2014:06:43:01 -0600] "GET /entry/14749 HTTP/1.1" 200 5296 "-" "Mozilla/5.0 (compatible; EasouSpider; +http://www.easou.com/search/spider.html)"
66.249.91.198 - - [26/Aug/2014:06:43:02 -0600] "GET /region/116/recent.rss HTTP/1.1" 200 15981 "-" "Feedfetcher-Google; (+http://www.google.com/feedfetcher.html; 3 subscribers; feed-id=15039312009291794908)"
37.58.100.142 - - [26/Aug/2014:06:43:06 -0600] "GET /entry/17107 HTTP/1.1" 200 5236 "-" "Mozilla/5.0 (compatible; AhrefsBot/5.0; +http://ahrefs.com/robot/)"
131.253.24.42 - - [26/Aug/2014:06:43:08 -0600] "GET /region/252 HTTP/1.1" 200 9652 "-" "Mozilla/5.0 (compatible; MSIE 9.0; Windows NT 6.0; Trident/5.0;  Trident/5.0)"
131.253.24.42 - - [26/Aug/2014:06:43:09 -0600] "GET /7b0744/css/vegguide-combined.css HTTP/1.1" 200 20810 "-" "Mozilla/5.0 (compatible; MSIE 9.0; Windows NT 6.0; Trident/5.0;  Trident/5.0)"
131.253.24.42 - - [26/Aug/2014:06:43:10 -0600] "GET /7b0744/js/vegguide-combined.js HTTP/1.1" 200 94167 "-" "Mozilla/5.0 (compatible; MSIE 9.0; Windows NT 6.0; Trident/5.0;  Trident/5.0)"
207.46.13.94 - - [26/Aug/2014:06:43:24 -0600] "GET /entry/5470 HTTP/1.1" 200 5122 "-" "Mozilla/5.0 (compatible; bingbot/2.0; +http://www.bing.com/bingbot.htm)"
208.115.113.88 - - [26/Aug/2014:06:43:30 -0600] "GET /region/2842 HTTP/1.1" 200 11533 "-" "Mozilla/5.0 (compatible; DotBot/1.1; http://www.opensiteexplorer.org/dotbot, help@moz.com)"
131.253.24.39 - - [26/Aug/2014:06:43:38 -0600] "GET /entry/17117 HTTP/1.1" 200 4972 "-" "Mozilla/5.0 (compatible; MSIE 9.0; Windows NT 6.0; Trident/5.0;  Trident/5.0)"
131.253.24.39 - - [26/Aug/2014:06:43:40 -0600] "GET /7b0744/css/vegguide-combined.css HTTP/1.1" 200 20810 "-" "Mozilla/5.0 (compatible; MSIE 9.0; Windows NT 6.0; Trident/5.0;  Trident/5.0)"
66.249.69.177 - - [26/Aug/2014:06:43:40 -0600] "GET /entry/19766/reviews HTTP/1.1" 200 3097 "-" "Mozilla/5.0 (compatible; Googlebot/2.1; +http://www.google.com/bot.html)"
131.253.24.39 - - [26/Aug/2014:06:43:40 -0600] "GET /7b0744/js/vegguide-combined.js HTTP/1.1" 200 94167 "-" "Mozilla/5.0 (compatible; MSIE 9.0; Windows NT 6.0; Trident/5.0;  Trident/5.0)"
68.180.225.35 - - [26/Aug/2014:06:43:45 -0600] "GET /entry/1194 HTTP/1.1" 200 5886 "-" "Mozilla/5.0 (compatible; Yahoo! Slurp; http://help.yahoo.com/help/us/ysearch/slurp)"
54.235.98.169 - - [26/Aug/2014:06:43:47 -0600] "GET /site/recent.rss HTTP/1.1" 200 20227 "-" "RSSGraffiti"
123.125.71.100 - - [26/Aug/2014:06:43:48 -0600] "GET /entry/13256 HTTP/1.1" 200 4951 "-" "Mozilla/5.0 (compatible; Baiduspider/2.0; +http://www.baidu.com/search/spider.html)"
54.211.251.28 - - [26/Aug/2014:06:43:51 -0600] "GET /site/recent.rss HTTP/1.1" 200 20227 "-" "Mozilla/5.0 (compatible; FlipboardRSS/1.1; +http://flipboard.com/browserproxy)"
157.55.39.71 - - [26/Aug/2014:06:43:54 -0600] "GET /entry/7999 HTTP/1.1" 200 5214 "-" "Mozilla/5.0 (compatible; bingbot/2.0; +http://www.bing.com/bingbot.htm)"
92.223.129.122 - - [26/Aug/2014:06:44:02 -0600] "GET /favicon.ico HTTP/1.1" 200 1022 "-" "Mozilla/5.0 (Windows NT 6.1; rv:14.0) Gecko/20100101 Firefox/14.0.1"
61.135.190.102 - - [26/Aug/2014:06:44:10 -0600] "GET /region/218 HTTP/1.1" 200 9683 "-" "Mozilla/5.0 (Windows; U; Windows NT 5.1; zh-CN; rv:1.9.2.15) Gecko/20110303 Firefox/3.6.15"
61.135.190.102 - - [26/Aug/2014:06:44:12 -0600] "GET /7b0744/js/vegguide-combined.js HTTP/1.1" 200 94167 "-" "Mozilla/5.0 (Windows; U; Windows NT 5.1; zh-CN; rv:1.9.2.15) Gecko/20110303 Firefox/3.6.15"
99.50.104.253 - - [26/Aug/2014:06:44:13 -0600] "GET / HTTP/1.1" 499 0 "-" "Mozilla/5.0 (iPad; CPU OS 7_1_2 like Mac OS X) AppleWebKit/537.51.2 (KHTML, like Gecko) Version/7.0 Mobile/11D257 Safari/9537.53"
208.115.113.88 - - [26/Aug/2014:06:44:19 -0600] "GET /region/594/printable HTTP/1.1" 200 3479 "-" "Mozilla/5.0 (compatible; DotBot/1.1; http://www.opensiteexplorer.org/dotbot, help@moz.com)"
220.181.108.144 - - [26/Aug/2014:06:44:22 -0600] "GET /entry-images/10595/10595-6208-mini.jpg HTTP/1.1" 200 5519 "-" "Baiduspider-image+(+http://www.baidu.com/search/spider.htm)\x5CnReferer: http://image.baidu.com/i?ct=503316480&z=0&tn=baiduimagedetail"
157.55.39.237 - - [26/Aug/2014:06:44:24 -0600] "GET /entry/18442 HTTP/1.1" 200 4524 "-" "Mozilla/5.0 (compatible; bingbot/2.0; +http://www.bing.com/bingbot.htm)"
99.50.104.253 - - [26/Aug/2014:06:44:26 -0600] "GET / HTTP/1.1" 200 3901 "-" "Mozilla/5.0 (iPad; CPU OS 7_1_2 like Mac OS X) AppleWebKit/537.51.2 (KHTML, like Gecko) Version/7.0 Mobile/11D257 Safari/9537.53"
99.50.104.253 - - [26/Aug/2014:06:44:26 -0600] "GET /7b0744/css/vegguide-combined.css HTTP/1.1" 200 20810 "-" "Mozilla/5.0 (iPad; CPU OS 7_1_2 like Mac OS X) AppleWebKit/537.51.2 (KHTML, like Gecko) Version/7.0 Mobile/11D257 Safari/9537.53"
99.50.104.253 - - [26/Aug/2014:06:44:26 -0600] "GET /7b0744/js/vegguide-combined.js HTTP/1.1" 200 79181 "-" "Mozilla/5.0 (iPad; CPU OS 7_1_2 like Mac OS X) AppleWebKit/537.51.2 (KHTML, like Gecko) Version/7.0 Mobile/11D257 Safari/9537.53"
68.180.225.35 - - [26/Aug/2014:06:44:30 -0600] "GET /entry/20153 HTTP/1.1" 200 4539 "-" "Mozilla/5.0 (compatible; Yahoo! Slurp; http://help.yahoo.com/help/us/ysearch/slurp)"
23.239.8.38 - - [26/Aug/2014:06:44:31 -0600] "GET / HTTP/1.1" 301 178 "-" "check_http/v1.4.15 (nagios-plugins 1.4.15)"
23.239.8.38 - - [26/Aug/2014:06:44:31 -0600] "GET / HTTP/1.1" 200 10098 "-" "check_http/v1.4.15 (nagios-plugins 1.4.15)"
37.58.100.142 - - [26/Aug/2014:06:44:38 -0600] "GET /region/273/new_region_form HTTP/1.1" 302 338 "-" "Mozilla/5.0 (compatible; AhrefsBot/5.0; +http://ahrefs.com/robot/)"
208.93.0.48 - - [26/Aug/2014:06:44:44 -0600] "GET /location/most_recent.rss?location_id=13 HTTP/1.1" 301 178 "-" "LiveJournal.com (webmaster@livejournal.com; for http://www.livejournal.com/users/vegguide_tc/; 1 readers)"
208.93.0.48 - - [26/Aug/2014:06:44:45 -0600] "GET /region/13/recent.rss HTTP/1.1" 200 20115 "-" "LiveJournal.com (webmaster@livejournal.com; for http://www.livejournal.com/users/vegguide_tc/; 1 readers)"
183.60.212.148 - - [26/Aug/2014:06:44:48 -0600] "GET /region/1564 HTTP/1.1" 200 4142 "-" "Mozilla/5.0 (compatible; EasouSpider; +http://www.easou.com/search/spider.html)"
66.249.69.177 - - [26/Aug/2014:06:44:49 -0600] "GET /entry/19771/reviews HTTP/1.1" 200 3082 "-" "Mozilla/5.0 (compatible; Googlebot/2.1; +http://www.google.com/bot.html)"
157.55.39.237 - - [26/Aug/2014:06:44:54 -0600] "GET /entry/18675 HTTP/1.1" 200 5558 "-" "Mozilla/5.0 (compatible; bingbot/2.0; +http://www.bing.com/bingbot.htm)"
37.58.100.142 - - [26/Aug/2014:06:44:57 -0600] "GET /entry/15221/closed_form HTTP/1.1" 302 338 "-" "Mozilla/5.0 (compatible; AhrefsBot/5.0; +http://ahrefs.com/robot/)"
138.5.137.82 - - [26/Aug/2014:06:44:59 -0600] "GET / HTTP/1.1" 200 4337 "-" "Mozilla/5.0 (compatible; Genieo/1.0 http://www.genieo.com/webfilter.html)"
138.5.137.82 - - [26/Aug/2014:06:45:00 -0600] "GET /site/recent.rss HTTP/1.1" 200 20227 "-" "Mozilla/5.0 (compatible; Genieo/1.0 http://www.genieo.com/webfilter.html)"
66.249.69.177 - - [26/Aug/2014:06:45:00 -0600] "GET /site/recent.rss HTTP/1.1" 200 20227 "-" "Mozilla/5.0 (compatible; Googlebot/2.1; +http://www.google.com/bot.html)"
65.55.213.59 - - [26/Aug/2014:06:45:01 -0600] "GET /region/341 HTTP/1.1" 200 8214 "-" "Mozilla/5.0 (compatible; MSIE 9.0; Windows NT 6.0; Trident/5.0;  Trident/5.0)"
65.55.213.59 - - [26/Aug/2014:06:45:02 -0600] "GET /7b0744/css/vegguide-combined.css HTTP/1.1" 200 20810 "-" "Mozilla/5.0 (compatible; MSIE 9.0; Windows NT 6.0; Trident/5.0;  Trident/5.0)"
65.55.213.59 - - [26/Aug/2014:06:45:03 -0600] "GET /7b0744/js/vegguide-combined.js HTTP/1.1" 200 94167 "-" "Mozilla/5.0 (compatible; MSIE 9.0; Windows NT 6.0; Trident/5.0;  Trident/5.0)"
66.249.69.161 - - [26/Aug/2014:06:45:10 -0600] "GET /entry-images/7116/7116-3483-small.jpg HTTP/1.1" 200 9473 "-" "Googlebot-Image/1.0"
208.115.113.88 - - [26/Aug/2014:06:45:10 -0600] "GET /region/7 HTTP/1.1" 200 46842 "-" "Mozilla/5.0 (compatible; DotBot/1.1; http://www.opensiteexplorer.org/dotbot, help@moz.com)"
65.55.215.252 - - [26/Aug/2014:06:45:10 -0600] "GET /entry/9133 HTTP/1.1" 200 5846 "-" "Mozilla/5.0 (compatible; MSIE 9.0; Windows NT 6.0; Trident/5.0;  Trident/5.0)"
65.55.215.252 - - [26/Aug/2014:06:45:12 -0600] "GET /7b0744/css/vegguide-combined.css HTTP/1.1" 200 20810 "-" "Mozilla/5.0 (compatible; MSIE 9.0; Windows NT 6.0; Trident/5.0;  Trident/5.0)"
65.55.215.252 - - [26/Aug/2014:06:45:13 -0600] "GET /7b0744/js/vegguide-combined.js HTTP/1.1" 200 94167 "-" "Mozilla/5.0 (compatible; MSIE 9.0; Windows NT 6.0; Trident/5.0;  Trident/5.0)"
68.180.225.35 - - [26/Aug/2014:06:45:15 -0600] "GET /entry/15221/reviews HTTP/1.1" 200 3654 "-" "Mozilla/5.0 (compatible; Yahoo! Slurp; http://help.yahoo.com/help/us/ysearch/slurp)"
87.253.132.202 - - [26/Aug/2014:06:45:16 -0600] "HEAD /region/60.rss HTTP/1.1" 200 0 "-" "Owlin Bot v. 3.0"
157.55.39.237 - - [26/Aug/2014:06:45:24 -0600] "GET /entry/14350 HTTP/1.1" 200 4702 "-" "Mozilla/5.0 (compatible; bingbot/2.0; +http://www.bing.com/bingbot.htm)"
37.228.106.99 - - [26/Aug/2014:06:45:45 -0600] "GET /entry/18992 HTTP/1.1" 200 4504 "-" "Opera/9.80 (Android; Opera Mini/7.5.33725/35.3997; U; en) Presto/2.8.119 Version/11.10"
37.228.106.99 - - [26/Aug/2014:06:45:45 -0600] "GET /images/favicon.ico HTTP/1.1" 200 1022 "-" "Opera/9.80 (Android; Opera Mini/7.5.33725/35.3997; U; en) Presto/2.8.119 Version/11.10"
37.228.106.99 - - [26/Aug/2014:06:45:45 -0600] "GET /7b0744/css/vegguide-combined.css HTTP/1.1" 200 20810 "-" "Opera/9.80 (Android; Opera Mini/7.5.33725/35.3997; U; en) Presto/2.8.119 Version/11.10"
37.228.106.99 - - [26/Aug/2014:06:45:45 -0600] "GET /7b0744/js/vegguide-combined.js HTTP/1.1" 200 94167 "-" "Opera/9.80 (Android; Opera Mini/7.5.33725/35.3997; U; en) Presto/2.8.119 Version/11.10"
37.228.106.99 - - [26/Aug/2014:06:45:45 -0600] "GET /images/loader.gif HTTP/1.1" 200 3208 "-" "Opera/9.80 (Android; Opera Mini/7.5.33725/35.3997; U; en) Presto/2.8.119 Version/11.10"
37.228.106.99 - - [26/Aug/2014:06:45:45 -0600] "GET /images/transparent.gif HTTP/1.1" 200 49 "-" "Opera/9.80 (Android; Opera Mini/7.5.33725/35.3997; U; en) Presto/2.8.119 Version/11.10"
37.228.106.99 - - [26/Aug/2014:06:45:45 -0600] "GET /images/vegguide-logo.png HTTP/1.1" 200 20540 "-" "Opera/9.80 (Android; Opera Mini/7.5.33725/35.3997; U; en) Presto/2.8.119 Version/11.10"
37.228.106.99 - - [26/Aug/2014:06:45:45 -0600] "GET /images/close-button.png HTTP/1.1" 200 693 "-" "Opera/9.80 (Android; Opera Mini/7.5.33725/35.3997; U; en) Presto/2.8.119 Version/11.10"
37.228.106.99 - - [26/Aug/2014:06:45:45 -0600] "GET /7b0744/images/ratings/green-0-00.png HTTP/1.1" 200 791 "-" "Opera/9.80 (Android; Opera Mini/7.5.33725/35.3997; U; en) Presto/2.8.119 Version/11.10"
37.228.106.99 - - [26/Aug/2014:06:45:45 -0600] "GET /images/upload-an-image.png HTTP/1.1" 200 7026 "-" "Opera/9.80 (Android; Opera Mini/7.5.33725/35.3997; U; en) Presto/2.8.119 Version/11.10"
37.228.106.99 - - [26/Aug/2014:06:45:45 -0600] "GET /images/red-bullet.png HTTP/1.1" 200 231 "-" "Opera/9.80 (Android; Opera Mini/7.5.33725/35.3997; U; en) Presto/2.8.119 Version/11.10"
37.228.106.99 - - [26/Aug/2014:06:45:45 -0600] "GET /images/thl-logo.png HTTP/1.1" 200 2925 "-" "Opera/9.80 (Android; Opera Mini/7.5.33725/35.3997; U; en) Presto/2.8.119 Version/11.10"
37.228.106.99 - - [26/Aug/2014:06:45:45 -0600] "GET /images/caa-logo.png HTTP/1.1" 200 10681 "-" "Opera/9.80 (Android; Opera Mini/7.5.33725/35.3997; U; en) Presto/2.8.119 Version/11.10"
37.228.106.99 - - [26/Aug/2014:06:45:45 -0600] "GET /images/cok-logo.png HTTP/1.1" 200 8577 "-" "Opera/9.80 (Android; Opera Mini/7.5.33725/35.3997; U; en) Presto/2.8.119 Version/11.10"
37.228.106.99 - - [26/Aug/2014:06:45:45 -0600] "GET /images/peta-logo.jpg HTTP/1.1" 200 14774 "-" "Opera/9.80 (Android; Opera Mini/7.5.33725/35.3997; U; en) Presto/2.8.119 Version/11.10"
37.228.106.99 - - [26/Aug/2014:06:45:45 -0600] "GET /images/vo-logo.gif HTTP/1.1" 200 1553 "-" "Opera/9.80 (Android; Opera Mini/7.5.33725/35.3997; U; en) Presto/2.8.119 Version/11.10"
37.228.106.99 - - [26/Aug/2014:06:45:45 -0600] "GET /images/fs-logo.png HTTP/1.1" 200 10293 "-" "Opera/9.80 (Android; Opera Mini/7.5.33725/35.3997; U; en) Presto/2.8.119 Version/11.10"
37.228.106.99 - - [26/Aug/2014:06:45:45 -0600] "GET /images/ratings/blue-1-00.png HTTP/1.1" 200 1037 "-" "Opera/9.80 (Android; Opera Mini/7.5.33725/35.3997; U; en) Presto/2.8.119 Version/11.10"
37.228.106.99 - - [26/Aug/2014:06:45:45 -0600] "GET /images/ratings/blue-2-00.png HTTP/1.1" 200 1375 "-" "Opera/9.80 (Android; Opera Mini/7.5.33725/35.3997; U; en) Presto/2.8.119 Version/11.10"
37.228.106.99 - - [26/Aug/2014:06:45:45 -0600] "GET /images/ratings/blue-3-00.png HTTP/1.1" 200 1416 "-" "Opera/9.80 (Android; Opera Mini/7.5.33725/35.3997; U; en) Presto/2.8.119 Version/11.10"
37.228.106.99 - - [26/Aug/2014:06:45:45 -0600] "GET /images/ratings/blue-4-00.png HTTP/1.1" 200 1375 "-" "Opera/9.80 (Android; Opera Mini/7.5.33725/35.3997; U; en) Presto/2.8.119 Version/11.10"
37.228.106.99 - - [26/Aug/2014:06:45:45 -0600] "GET /images/ratings/blue-5-00.png HTTP/1.1" 200 1198 "-" "Opera/9.80 (Android; Opera Mini/7.5.33725/35.3997; U; en) Presto/2.8.119 Version/11.10"
157.55.39.71 - - [26/Aug/2014:06:45:54 -0600] "GET /entry/6789 HTTP/1.1" 200 4404 "-" "Mozilla/5.0 (compatible; bingbot/2.0; +http://www.bing.com/bingbot.htm)"
208.115.113.88 - - [26/Aug/2014:06:45:55 -0600] "GET /user/2540/entries HTTP/1.1" 200 8695 "-" "Mozilla/5.0 (compatible; DotBot/1.1; http://www.opensiteexplorer.org/dotbot, help@moz.com)"
37.58.100.142 - - [26/Aug/2014:06:45:56 -0600] "GET /entry/6597/review_form HTTP/1.1" 302 338 "-" "Mozilla/5.0 (compatible; AhrefsBot/5.0; +http://ahrefs.com/robot/)"
66.249.69.177 - - [26/Aug/2014:06:45:57 -0600] "GET /entry/19714/reviews HTTP/1.1" 200 3082 "-" "Mozilla/5.0 (compatible; Googlebot/2.1; +http://www.google.com/bot.html)"
183.60.212.148 - - [26/Aug/2014:06:45:59 -0600] "GET /entry/8474/images_form HTTP/1.1" 302 338 "-" "Mozilla/5.0 (compatible; EasouSpider; +http://www.easou.com/search/spider.html)"
68.180.225.35 - - [26/Aug/2014:06:46:00 -0600] "GET /entry/4195 HTTP/1.1" 200 7037 "-" "Mozilla/5.0 (compatible; Yahoo! Slurp; http://help.yahoo.com/help/us/ysearch/slurp)"
199.21.99.207 - - [26/Aug/2014:06:46:04 -0600] "GET /entry-images/1470/1470-413-small.jpg HTTP/1.1" 304 0 "-" "Mozilla/5.0 (compatible; YandexImages/3.0; +http://yandex.com/bots)"
157.55.39.147 - - [26/Aug/2014:06:46:24 -0600] "GET /entry/15293 HTTP/1.1" 200 4831 "-" "Mozilla/5.0 (compatible; bingbot/2.0; +http://www.bing.com/bingbot.htm)"
68.180.225.35 - - [26/Aug/2014:06:46:45 -0600] "GET /entry/4399 HTTP/1.1" 200 5479 "-" "Mozilla/5.0 (compatible; Yahoo! Slurp; http://help.yahoo.com/help/us/ysearch/slurp)"
208.115.113.88 - - [26/Aug/2014:06:46:46 -0600] "GET /user/8659 HTTP/1.1" 200 8797 "-" "Mozilla/5.0 (compatible; DotBot/1.1; http://www.opensiteexplorer.org/dotbot, help@moz.com)"
37.58.100.142 - - [26/Aug/2014:06:46:53 -0600] "GET /entry/18041 HTTP/1.1" 200 4640 "-" "Mozilla/5.0 (compatible; AhrefsBot/5.0; +http://ahrefs.com/robot/)"
157.55.39.148 - - [26/Aug/2014:06:46:54 -0600] "GET /region/14/recent.rss HTTP/1.1" 200 21804 "-" "Mozilla/5.0 (compatible; bingbot/2.0; +http://www.bing.com/bingbot.htm)"
66.249.69.177 - - [26/Aug/2014:06:47:00 -0600] "GET /region/2763/filter/veg_level=2;category_id=1?sort_order=ASC;page=1;order_by=name;limit=20 HTTP/1.1" 200 4237 "-" "Mozilla/5.0 (compatible; Googlebot/2.1; +http://www.google.com/bot.html)"
54.225.115.73 - - [26/Aug/2014:06:47:01 -0600] "GET /region/47.rss HTTP/1.1" 200 49767 "-" "R6_FeedFetcher(www.radian6.com/crawler)"
23.21.233.232 - - [26/Aug/2014:06:47:03 -0600] "GET /region/47.rss HTTP/1.1" 200 49767 "-" "R6_FeedFetcher(www.radian6.com/crawler)"
66.249.69.193 - - [26/Aug/2014:06:47:06 -0600] "GET /entry/19747/reviews HTTP/1.1" 200 3091 "-" "Mozilla/5.0 (compatible; Googlebot/2.1; +http://www.google.com/bot.html)"
157.55.39.147 - - [26/Aug/2014:06:47:24 -0600] "GET /user/11216 HTTP/1.1" 200 3304 "-" "Mozilla/5.0 (compatible; bingbot/2.0; +http://www.bing.com/bingbot.htm)"
54.221.194.231 - - [26/Aug/2014:06:47:27 -0600] "GET /region/9.rss HTTP/1.1" 200 1829446 "-" "R6_FeedFetcher(www.radian6.com/crawler)"
66.249.69.177 - - [26/Aug/2014:06:47:29 -0600] "GET /region/392/entry_form HTTP/1.1" 302 338 "-" "Mozilla/5.0 (compatible; Googlebot/2.1; +http://www.google.com/bot.html)"
68.180.225.35 - - [26/Aug/2014:06:47:30 -0600] "GET /entry/19554 HTTP/1.1" 200 4622 "-" "Mozilla/5.0 (compatible; Yahoo! Slurp; http://help.yahoo.com/help/us/ysearch/slurp)"
54.221.221.21 - - [26/Aug/2014:06:47:30 -0600] "GET /region/9.rss HTTP/1.1" 200 1829446 "-" "R6_FeedFetcher(www.radian6.com/crawler)"
54.221.203.243 - - [26/Aug/2014:06:47:33 -0600] "GET /region/52.rss HTTP/1.1" 200 4768311 "-" "R6_FeedFetcher(www.radian6.com/crawler)"
80.254.69.56 - - [26/Aug/2014:06:47:35 -0600] "GET /entry/15603 HTTP/1.1" 200 4702 "-" "Mozilla/5.0 (Linux; Android 4.4.2; GT-I9505 Build/KOT49H) AppleWebKit/537.36 (KHTML, like Gecko) Chrome/36.0.1985.135 Mobile Safari/537.36"
66.249.69.177 - - [26/Aug/2014:06:47:36 -0600] "GET /region/2886.rss HTTP/1.1" 200 63108 "-" "Mozilla/5.0 (compatible; Googlebot/2.1; +http://www.google.com/bot.html)"
80.254.69.56 - - [26/Aug/2014:06:47:36 -0600] "GET /7b0744/images/ratings/green-0-00.png HTTP/1.1" 200 791 "-" "Mozilla/5.0 (Linux; Android 4.4.2; GT-I9505 Build/KOT49H) AppleWebKit/537.36 (KHTML, like Gecko) Chrome/36.0.1985.135 Mobile Safari/537.36"
80.254.69.56 - - [26/Aug/2014:06:47:36 -0600] "GET /images/close-button.png HTTP/1.1" 200 693 "-" "Mozilla/5.0 (Linux; Android 4.4.2; GT-I9505 Build/KOT49H) AppleWebKit/537.36 (KHTML, like Gecko) Chrome/36.0.1985.135 Mobile Safari/537.36"
80.254.69.56 - - [26/Aug/2014:06:47:36 -0600] "GET /7b0744/images/american_express.png HTTP/1.1" 200 1219 "-" "Mozilla/5.0 (Linux; Android 4.4.2; GT-I9505 Build/KOT49H) AppleWebKit/537.36 (KHTML, like Gecko) Chrome/36.0.1985.135 Mobile Safari/537.36"
80.254.69.56 - - [26/Aug/2014:06:47:36 -0600] "GET /7b0744/css/vegguide-combined.css HTTP/1.1" 200 20810 "-" "Mozilla/5.0 (Linux; Android 4.4.2; GT-I9505 Build/KOT49H) AppleWebKit/537.36 (KHTML, like Gecko) Chrome/36.0.1985.135 Mobile Safari/537.36"
80.254.69.56 - - [26/Aug/2014:06:47:36 -0600] "GET /7b0744/images/mastercard.png HTTP/1.1" 200 1753 "-" "Mozilla/5.0 (Linux; Android 4.4.2; GT-I9505 Build/KOT49H) AppleWebKit/537.36 (KHTML, like Gecko) Chrome/36.0.1985.135 Mobile Safari/537.36"
80.254.69.56 - - [26/Aug/2014:06:47:36 -0600] "GET /images/upload-an-image.png HTTP/1.1" 200 7026 "-" "Mozilla/5.0 (Linux; Android 4.4.2; GT-I9505 Build/KOT49H) AppleWebKit/537.36 (KHTML, like Gecko) Chrome/36.0.1985.135 Mobile Safari/537.36"
80.254.69.56 - - [26/Aug/2014:06:47:36 -0600] "GET /7b0744/images/visa.png HTTP/1.1" 200 1404 "-" "Mozilla/5.0 (Linux; Android 4.4.2; GT-I9505 Build/KOT49H) AppleWebKit/537.36 (KHTML, like Gecko) Chrome/36.0.1985.135 Mobile Safari/537.36"
80.254.69.56 - - [26/Aug/2014:06:47:36 -0600] "GET /images/caa-logo.png HTTP/1.1" 200 10681 "-" "Mozilla/5.0 (Linux; Android 4.4.2; GT-I9505 Build/KOT49H) AppleWebKit/537.36 (KHTML, like Gecko) Chrome/36.0.1985.135 Mobile Safari/537.36"
80.254.69.56 - - [26/Aug/2014:06:47:36 -0600] "GET /images/vegguide-logo.png HTTP/1.1" 200 20540 "-" "Mozilla/5.0 (Linux; Android 4.4.2; GT-I9505 Build/KOT49H) AppleWebKit/537.36 (KHTML, like Gecko) Chrome/36.0.1985.135 Mobile Safari/537.36"
80.254.69.56 - - [26/Aug/2014:06:47:36 -0600] "GET /7b0744/js/vegguide-combined.js HTTP/1.1" 200 94167 "-" "Mozilla/5.0 (Linux; Android 4.4.2; GT-I9505 Build/KOT49H) AppleWebKit/537.36 (KHTML, like Gecko) Chrome/36.0.1985.135 Mobile Safari/537.36"
80.254.69.56 - - [26/Aug/2014:06:47:36 -0600] "GET /images/thl-logo.png HTTP/1.1" 200 2925 "-" "Mozilla/5.0 (Linux; Android 4.4.2; GT-I9505 Build/KOT49H) AppleWebKit/537.36 (KHTML, like Gecko) Chrome/36.0.1985.135 Mobile Safari/537.36"
80.254.69.56 - - [26/Aug/2014:06:47:36 -0600] "GET /images/peta-logo.jpg HTTP/1.1" 200 14774 "-" "Mozilla/5.0 (Linux; Android 4.4.2; GT-I9505 Build/KOT49H) AppleWebKit/537.36 (KHTML, like Gecko) Chrome/36.0.1985.135 Mobile Safari/537.36"
80.254.69.56 - - [26/Aug/2014:06:47:36 -0600] "GET /images/cok-logo.png HTTP/1.1" 200 8577 "-" "Mozilla/5.0 (Linux; Android 4.4.2; GT-I9505 Build/KOT49H) AppleWebKit/537.36 (KHTML, like Gecko) Chrome/36.0.1985.135 Mobile Safari/537.36"
54.225.118.181 - - [26/Aug/2014:06:47:36 -0600] "GET /region/52.rss HTTP/1.1" 200 4768311 "-" "R6_FeedFetcher(www.radian6.com/crawler)"
80.254.69.56 - - [26/Aug/2014:06:47:36 -0600] "GET /images/vo-logo.gif HTTP/1.1" 200 1553 "-" "Mozilla/5.0 (Linux; Android 4.4.2; GT-I9505 Build/KOT49H) AppleWebKit/537.36 (KHTML, like Gecko) Chrome/36.0.1985.135 Mobile Safari/537.36"
80.254.69.56 - - [26/Aug/2014:06:47:36 -0600] "GET /images/fs-logo.png HTTP/1.1" 200 10293 "-" "Mozilla/5.0 (Linux; Android 4.4.2; GT-I9505 Build/KOT49H) AppleWebKit/537.36 (KHTML, like Gecko) Chrome/36.0.1985.135 Mobile Safari/537.36"
80.254.69.56 - - [26/Aug/2014:06:47:37 -0600] "GET /images/transparent.gif HTTP/1.1" 200 49 "-" "Mozilla/5.0 (Linux; Android 4.4.2; GT-I9505 Build/KOT49H) AppleWebKit/537.36 (KHTML, like Gecko) Chrome/36.0.1985.135 Mobile Safari/537.36"
80.254.69.56 - - [26/Aug/2014:06:47:37 -0600] "GET /images/loader.gif HTTP/1.1" 200 3208 "-" "Mozilla/5.0 (Linux; Android 4.4.2; GT-I9505 Build/KOT49H) AppleWebKit/537.36 (KHTML, like Gecko) Chrome/36.0.1985.135 Mobile Safari/537.36"
80.254.69.56 - - [26/Aug/2014:06:47:37 -0600] "GET /images/red-bullet.png HTTP/1.1" 200 231 "-" "Mozilla/5.0 (Linux; Android 4.4.2; GT-I9505 Build/KOT49H) AppleWebKit/537.36 (KHTML, like Gecko) Chrome/36.0.1985.135 Mobile Safari/537.36"
80.254.69.56 - - [26/Aug/2014:06:47:37 -0600] "GET /images/ratings/blue-3-00.png HTTP/1.1" 200 1416 "-" "Mozilla/5.0 (Linux; Android 4.4.2; GT-I9505 Build/KOT49H) AppleWebKit/537.36 (KHTML, like Gecko) Chrome/36.0.1985.135 Mobile Safari/537.36"
80.254.69.56 - - [26/Aug/2014:06:47:37 -0600] "GET /images/ratings/blue-5-00.png HTTP/1.1" 200 1198 "-" "Mozilla/5.0 (Linux; Android 4.4.2; GT-I9505 Build/KOT49H) AppleWebKit/537.36 (KHTML, like Gecko) Chrome/36.0.1985.135 Mobile Safari/537.36"
80.254.69.56 - - [26/Aug/2014:06:47:37 -0600] "GET /images/ratings/blue-1-00.png HTTP/1.1" 200 1037 "-" "Mozilla/5.0 (Linux; Android 4.4.2; GT-I9505 Build/KOT49H) AppleWebKit/537.36 (KHTML, like Gecko) Chrome/36.0.1985.135 Mobile Safari/537.36"
80.254.69.56 - - [26/Aug/2014:06:47:37 -0600] "GET /images/ratings/blue-4-00.png HTTP/1.1" 200 1375 "-" "Mozilla/5.0 (Linux; Android 4.4.2; GT-I9505 Build/KOT49H) AppleWebKit/537.36 (KHTML, like Gecko) Chrome/36.0.1985.135 Mobile Safari/537.36"
80.254.69.56 - - [26/Aug/2014:06:47:37 -0600] "GET /images/ratings/blue-2-00.png HTTP/1.1" 200 1375 "-" "Mozilla/5.0 (Linux; Android 4.4.2; GT-I9505 Build/KOT49H) AppleWebKit/537.36 (KHTML, like Gecko) Chrome/36.0.1985.135 Mobile Safari/537.36"
80.254.69.56 - - [26/Aug/2014:06:47:38 -0600] "GET /images/favicon.ico HTTP/1.1" 200 1022 "-" "Mozilla/5.0 (Linux; Android 4.4.2; GT-I9505 Build/KOT49H) AppleWebKit/537.36 (KHTML, like Gecko) Chrome/36.0.1985.135 Mobile Safari/537.36"
37.58.100.142 - - [26/Aug/2014:06:47:38 -0600] "GET /site/clone_entry_form?vendor_id=3516 HTTP/1.1" 302 338 "-" "Mozilla/5.0 (compatible; AhrefsBot/5.0; +http://ahrefs.com/robot/)"
80.254.69.56 - - [26/Aug/2014:06:47:51 -0600] "GET /entry/15603 HTTP/1.1" 200 4702 "-" "Mozilla/5.0 (Linux; Android 4.4.2; GT-I9505 Build/KOT49H) AppleWebKit/537.36 (KHTML, like Gecko) Chrome/36.0.1985.135 Mobile Safari/537.36"
80.254.69.56 - - [26/Aug/2014:06:47:53 -0600] "GET /region/2374 HTTP/1.1" 200 4076 "-" "Mozilla/5.0 (Linux; Android 4.4.2; GT-I9505 Build/KOT49H) AppleWebKit/537.36 (KHTML, like Gecko) Chrome/36.0.1985.135 Mobile Safari/537.36"
80.254.69.56 - - [26/Aug/2014:06:47:53 -0600] "GET /7b0744/images/sort-up.gif HTTP/1.1" 200 84 "-" "Mozilla/5.0 (Linux; Android 4.4.2; GT-I9505 Build/KOT49H) AppleWebKit/537.36 (KHTML, like Gecko) Chrome/36.0.1985.135 Mobile Safari/537.36"
80.254.69.56 - - [26/Aug/2014:06:47:53 -0600] "GET /7b0744/images/sort-none.gif HTTP/1.1" 200 79 "-" "Mozilla/5.0 (Linux; Android 4.4.2; GT-I9505 Build/KOT49H) AppleWebKit/537.36 (KHTML, like Gecko) Chrome/36.0.1985.135 Mobile Safari/537.36"
157.55.39.237 - - [26/Aug/2014:06:47:54 -0600] "GET /entry/20216/reviews HTTP/1.1" 200 4183 "-" "Mozilla/5.0 (compatible; bingbot/2.0; +http://www.bing.com/bingbot.htm)"
80.254.69.56 - - [26/Aug/2014:06:47:56 -0600] "GET / HTTP/1.1" 200 3915 "-" "Mozilla/5.0 (Linux; Android 4.4.2; GT-I9505 Build/KOT49H) AppleWebKit/537.36 (KHTML, like Gecko) Chrome/36.0.1985.135 Mobile Safari/537.36"
80.254.69.56 - - [26/Aug/2014:06:47:57 -0600] "GET /images/vegguide-logo-front-page.png HTTP/1.1" 200 16471 "-" "Mozilla/5.0 (Linux; Android 4.4.2; GT-I9505 Build/KOT49H) AppleWebKit/537.36 (KHTML, like Gecko) Chrome/36.0.1985.135 Mobile Safari/537.36"
80.254.69.56 - - [26/Aug/2014:06:47:59 -0600] "GET /entry/near/47%2C8/filter/category_id=1;veg_level=2;allow_closed=0?limit=10;order_by=distance;address=Your+location HTTP/1.1" 200 3 "-" "Mozilla/5.0 (Linux; Android 4.4.2; GT-I9505 Build/KOT49H) AppleWebKit/537.36 (KHTML, like Gecko) Chrome/36.0.1985.135 Mobile Safari/537.36"
107.21.163.18 - - [26/Aug/2014:06:48:04 -0600] "GET / HTTP/1.1" 301 178 "-" "Mozilla/5.0 (compatible; linkdexbot/2.0; +http://www.linkdex.com/bots/)"
65.55.215.36 - - [26/Aug/2014:06:48:04 -0600] "GET /robots.txt HTTP/1.1" 200 151 "-" "msnbot-media/1.1 (+http://search.msn.com/msnbot.htm)"
107.21.163.18 - - [26/Aug/2014:06:48:04 -0600] "GET / HTTP/1.1" 200 4341 "-" "Mozilla/5.0 (compatible; linkdexbot/2.0; +http://www.linkdex.com/bots/)"
65.55.215.36 - - [26/Aug/2014:06:48:04 -0600] "GET /entry-images/10320/10320-5436-small.gif HTTP/1.1" 200 30998 "-" "msnbot-media/1.1 (+http://search.msn.com/msnbot.htm)"
80.254.69.56 - - [26/Aug/2014:06:48:07 -0600] "GET /region/2373 HTTP/1.1" 200 3127 "-" "Mozilla/5.0 (Linux; Android 4.4.2; GT-I9505 Build/KOT49H) AppleWebKit/537.36 (KHTML, like Gecko) Chrome/36.0.1985.135 Mobile Safari/537.36"
37.58.100.142 - - [26/Aug/2014:06:48:13 -0600] "GET /entry/16078 HTTP/1.1" 200 4564 "-" "Mozilla/5.0 (compatible; AhrefsBot/5.0; +http://ahrefs.com/robot/)"
68.180.225.35 - - [26/Aug/2014:06:48:15 -0600] "GET /region/116/filter/veg_level=2 HTTP/1.1" 200 10062 "-" "Mozilla/5.0 (compatible; Yahoo! Slurp; http://help.yahoo.com/help/us/ysearch/slurp)"
66.249.69.161 - - [26/Aug/2014:06:48:15 -0600] "GET /entry/19472/reviews HTTP/1.1" 200 3098 "-" "Mozilla/5.0 (compatible; Googlebot/2.1; +http://www.google.com/bot.html)"
157.55.39.147 - - [26/Aug/2014:06:48:24 -0600] "GET /entry/11521 HTTP/1.1" 200 4658 "-" "Mozilla/5.0 (compatible; bingbot/2.0; +http://www.bing.com/bingbot.htm)"
37.58.100.142 - - [26/Aug/2014:06:48:27 -0600] "GET /entry/near/41.7636%2C-115.075/filter/category_id=1?unit=km;distance=20;sort_order=DESC;page=1;order_by=name;address=89825;limit=20 HTTP/1.1" 200 6326 "-" "Mozilla/5.0 (compatible; AhrefsBot/5.0; +http://ahrefs.com/robot/)"
183.60.214.53 - - [26/Aug/2014:06:48:28 -0600] "GET /entry/16551/review_form HTTP/1.1" 302 338 "-" "Mozilla/5.0 (compatible; EasouSpider; +http://www.easou.com/search/spider.html)"
66.249.69.177 - - [26/Aug/2014:06:48:31 -0600] "GET /entry/2951/map HTTP/1.1" 200 3580 "-" "Mozilla/5.0 (iPhone; CPU iPhone OS 6_0 like Mac OS X) AppleWebKit/536.26 (KHTML, like Gecko) Version/6.0 Mobile/10A5376e Safari/8536.25 (compatible; Googlebot/2.1; +http://www.google.com/bot.html)"
174.226.2.66 - - [26/Aug/2014:06:48:32 -0600] "GET /region/198 HTTP/1.1" 200 9021 "-" "Mozilla/5.0 (iPhone; CPU iPhone OS 6_1_3 like Mac OS X) AppleWebKit/536.26 (KHTML, like Gecko) Version/6.0 Mobile/10B329 Safari/8536.25"
174.226.2.66 - - [26/Aug/2014:06:48:32 -0600] "GET /7b0744/css/vegguide-combined.css HTTP/1.1" 200 20810 "-" "Mozilla/5.0 (iPhone; CPU iPhone OS 6_1_3 like Mac OS X) AppleWebKit/536.26 (KHTML, like Gecko) Version/6.0 Mobile/10B329 Safari/8536.25"
174.226.2.66 - - [26/Aug/2014:06:48:33 -0600] "GET /7b0744/js/vegguide-combined.js HTTP/1.1" 200 94167 "-" "Mozilla/5.0 (iPhone; CPU iPhone OS 6_1_3 like Mac OS X) AppleWebKit/536.26 (KHTML, like Gecko) Version/6.0 Mobile/10B329 Safari/8536.25"
66.249.91.165 - - [26/Aug/2014:06:48:33 -0600] "GET /site/recent.rss HTTP/1.1" 301 178 "-" "Feedfetcher-Google; (+http://www.google.com/feedfetcher.html; 2 subscribers; feed-id=8938019998627987091)"
174.226.2.66 - - [26/Aug/2014:06:48:34 -0600] "GET /images/vegguide-logo.png HTTP/1.1" 200 20540 "-" "Mozilla/5.0 (iPhone; CPU iPhone OS 6_1_3 like Mac OS X) AppleWebKit/536.26 (KHTML, like Gecko) Version/6.0 Mobile/10B329 Safari/8536.25"
